_legacy_backup/components/admin/AdminNotepadWidget.tsx(18,44): error TS2339: Property 'getAdminSettings' does not exist on type '{ checkAuth: () => Promise<User | null>; logout: () => Promise<void>; login: (email: string, password: string, rememberMe?: boolean) => Promise<any>; ... 18 more ...; completeSetup: (data: any) => Promise<...>; }'.
_legacy_backup/components/admin/AdminNotepadWidget.tsx(34,51): error TS2339: Property 'getAdminSettings' does not exist on type '{ checkAuth: () => Promise<User | null>; logout: () => Promise<void>; login: (email: string, password: string, rememberMe?: boolean) => Promise<any>; ... 18 more ...; completeSetup: (data: any) => Promise<...>; }'.
_legacy_backup/components/admin/AdminNotepadWidget.tsx(35,27): error TS2339: Property 'updateAdminSettings' does not exist on type '{ checkAuth: () => Promise<User | null>; logout: () => Promise<void>; login: (email: string, password: string, rememberMe?: boolean) => Promise<any>; ... 18 more ...; completeSetup: (data: any) => Promise<...>; }'.
_legacy_backup/components/admin/AdminSidebar.tsx(5,25): error TS2307: Cannot find module '@/components/UsageWidget' or its corresponding type declarations.
_legacy_backup/components/admin/modals/AdminSettingsModal.tsx(76,36): error TS2339: Property 'getAdminSettings' does not exist on type '{ checkAuth: () => Promise<User | null>; logout: () => Promise<void>; login: (email: string, password: string, rememberMe?: boolean) => Promise<any>; ... 18 more ...; completeSetup: (data: any) => Promise<...>; }'.
_legacy_backup/components/admin/modals/AdminSettingsModal.tsx(90,23): error TS2339: Property 'updateAdminSettings' does not exist on type '{ checkAuth: () => Promise<User | null>; logout: () => Promise<void>; login: (email: string, password: string, rememberMe?: boolean) => Promise<any>; ... 18 more ...; completeSetup: (data: any) => Promise<...>; }'.
_legacy_backup/components/admin/modals/AdminSettingsModal.tsx(105,27): error TS2339: Property 'updateUserProfile' does not exist on type '{ checkAuth: () => Promise<User | null>; logout: () => Promise<void>; login: (email: string, password: string, rememberMe?: boolean) => Promise<any>; ... 18 more ...; completeSetup: (data: any) => Promise<...>; }'.
_legacy_backup/components/admin/modals/ClientManagementModals.tsx(49,23): error TS2339: Property 'inviteClient' does not exist on type '{ checkAuth: () => Promise<User | null>; logout: () => Promise<void>; login: (email: string, password: string, rememberMe?: boolean) => Promise<any>; ... 18 more ...; completeSetup: (data: any) => Promise<...>; }'.
_legacy_backup/components/admin/modals/ClientManagementModals.tsx(176,23): error TS2339: Property 'updateUserProfile' does not exist on type '{ checkAuth: () => Promise<User | null>; logout: () => Promise<void>; login: (email: string, password: string, rememberMe?: boolean) => Promise<any>; ... 18 more ...; completeSetup: (data: any) => Promise<...>; }'.
_legacy_backup/components/admin/modals/ClientManagementModals.tsx(191,23): error TS2339: Property 'triggerPasswordReset' does not exist on type '{ checkAuth: () => Promise<User | null>; logout: () => Promise<void>; login: (email: string, password: string, rememberMe?: boolean) => Promise<any>; ... 18 more ...; completeSetup: (data: any) => Promise<...>; }'.
_legacy_backup/components/admin/modals/ClientManagementModals.tsx(278,29): error TS2339: Property 'isVip' does not exist on type 'User'.
_legacy_backup/components/admin/modals/CreateTicketModal.tsx(51,42): error TS2554: Expected 1 arguments, but got 3.
_legacy_backup/components/admin/modals/FolderManagerModal.tsx(68,23): error TS2339: Property 'manageFolder' does not exist on type '{ checkAuth: () => Promise<User | null>; logout: () => Promise<void>; login: (email: string, password: string, rememberMe?: boolean) => Promise<any>; ... 18 more ...; completeSetup: (data: any) => Promise<...>; }'.
_legacy_backup/components/admin/modals/FolderManagerModal.tsx(77,37): error TS2339: Property 'getFolders' does not exist on type '{ checkAuth: () => Promise<User | null>; logout: () => Promise<void>; login: (email: string, password: string, rememberMe?: boolean) => Promise<any>; ... 18 more ...; completeSetup: (data: any) => Promise<...>; }'.
_legacy_backup/components/admin/modals/FolderManagerModal.tsx(84,27): error TS2339: Property 'manageFolder' does not exist on type '{ checkAuth: () => Promise<User | null>; logout: () => Promise<void>; login: (email: string, password: string, rememberMe?: boolean) => Promise<any>; ... 18 more ...; completeSetup: (data: any) => Promise<...>; }'.
_legacy_backup/components/admin/modals/FolderManagerModal.tsx(85,41): error TS2339: Property 'getFolders' does not exist on type '{ checkAuth: () => Promise<User | null>; logout: () => Promise<void>; login: (email: string, password: string, rememberMe?: boolean) => Promise<any>; ... 18 more ...; completeSetup: (data: any) => Promise<...>; }'.
_legacy_backup/components/admin/modals/FolderManagerModal.tsx(149,53): error TS2339: Property 'field' does not exist on type 'AutomationRule'.
_legacy_backup/components/admin/modals/FolderManagerModal.tsx(150,107): error TS2339: Property 'field' does not exist on type 'AutomationRule'.
_legacy_backup/components/admin/modals/FolderManagerModal.tsx(156,43): error TS2339: Property 'field' does not exist on type 'AutomationRule'.
_legacy_backup/components/admin/modals/FolderManagerModal.tsx(158,57): error TS2339: Property 'operator' does not exist on type 'AutomationRule'.
_legacy_backup/components/admin/modals/FolderManagerModal.tsx(159,111): error TS2339: Property 'operator' does not exist on type 'AutomationRule'.
_legacy_backup/components/admin/modals/FolderManagerModal.tsx(167,43): error TS2339: Property 'field' does not exist on type 'AutomationRule'.
_legacy_backup/components/admin/modals/FolderManagerModal.tsx(174,46): error TS2339: Property 'field' does not exist on type 'AutomationRule'.
_legacy_backup/components/admin/modals/FolderManagerModal.tsx(186,46): error TS2339: Property 'field' does not exist on type 'AutomationRule'.
_legacy_backup/components/admin/modals/FolderManagerModal.tsx(209,37): error TS2322: Type '{ children: (string | Element)[]; size: string; variant: "secondary"; onClick: () => void; }' is not assignable to type 'IntrinsicAttributes & ButtonProps'.
  Property 'size' does not exist on type 'IntrinsicAttributes & ButtonProps'.
_legacy_backup/components/admin/modals/FolderManagerModal.tsx(209,116): error TS2322: Type 'AutomationRule | { field: string; operator: string; value: string; }' is not assignable to type 'AutomationRule'.
  Object literal may only specify known properties, and 'field' does not exist in type 'AutomationRule'.
_legacy_backup/components/admin/modals/FolderManagerModal.tsx(209,116): error TS2353: Object literal may only specify known properties, and 'field' does not exist in type 'AutomationRule'.
_legacy_backup/components/admin/modals/TicketDetailModal.tsx(33,45): error TS2339: Property 'getFolders' does not exist on type '{ checkAuth: () => Promise<User | null>; logout: () => Promise<void>; login: (email: string, password: string, rememberMe?: boolean) => Promise<any>; ... 18 more ...; completeSetup: (data: any) => Promise<...>; }'.
_legacy_backup/components/admin/modals/TicketDetailModal.tsx(52,54): error TS2554: Expected 0-1 arguments, but got 2.
_legacy_backup/components/admin/modals/TicketDetailModal.tsx(62,82): error TS2554: Expected 2 arguments, but got 3.
_legacy_backup/components/admin/modals/TicketDetailModal.tsx(65,91): error TS2554: Expected 2 arguments, but got 3.
_legacy_backup/components/admin/modals/TicketDetailModal.tsx(68,85): error TS2554: Expected 2 arguments, but got 3.
_legacy_backup/components/admin/modals/TicketDetailModal.tsx(71,100): error TS2554: Expected 2 arguments, but got 3.
_legacy_backup/components/admin/modals/TicketDetailModal.tsx(74,106): error TS2554: Expected 2 arguments, but got 3.
_legacy_backup/components/admin/modals/TicketDetailModal.tsx(77,100): error TS2554: Expected 2 arguments, but got 3.
_legacy_backup/components/admin/modals/TicketDetailModal.tsx(81,55): error TS2554: Expected 2 arguments, but got 3.
_legacy_backup/components/admin/modals/TicketDetailModal.tsx(86,58): error TS2554: Expected 2 arguments, but got 3.
_legacy_backup/components/admin/modals/TicketDetailModal.tsx(91,61): error TS2554: Expected 2 arguments, but got 3.
_legacy_backup/components/admin/modals/TicketDetailModal.tsx(95,37): error TS2339: Property 'projectId' does not exist on type 'Ticket'.
_legacy_backup/components/admin/modals/TicketDetailModal.tsx(96,59): error TS2554: Expected 2 arguments, but got 3.
_legacy_backup/components/admin/modals/TicketDetailModal.tsx(101,58): error TS2554: Expected 2 arguments, but got 3.
_legacy_backup/components/admin/modals/TicketDetailModal.tsx(105,54): error TS2554: Expected 0-1 arguments, but got 2.
_legacy_backup/components/admin/StickyNotesWidget.tsx(27,44): error TS2339: Property 'getAdminSettings' does not exist on type '{ checkAuth: () => Promise<User | null>; logout: () => Promise<void>; login: (email: string, password: string, rememberMe?: boolean) => Promise<any>; ... 18 more ...; completeSetup: (data: any) => Promise<...>; }'.
_legacy_backup/components/admin/StickyNotesWidget.tsx(49,51): error TS2339: Property 'getAdminSettings' does not exist on type '{ checkAuth: () => Promise<User | null>; logout: () => Promise<void>; login: (email: string, password: string, rememberMe?: boolean) => Promise<any>; ... 18 more ...; completeSetup: (data: any) => Promise<...>; }'.
_legacy_backup/components/admin/StickyNotesWidget.tsx(50,27): error TS2339: Property 'updateAdminSettings' does not exist on type '{ checkAuth: () => Promise<User | null>; logout: () => Promise<void>; login: (email: string, password: string, rememberMe?: boolean) => Promise<any>; ... 18 more ...; completeSetup: (data: any) => Promise<...>; }'.
_legacy_backup/components/admin/TicketListView.tsx(122,64): error TS2554: Expected 2 arguments, but got 3.
_legacy_backup/components/admin/TicketListView.tsx(123,72): error TS2554: Expected 0-1 arguments, but got 2.
_legacy_backup/components/AISidebar.tsx(147,65): error TS2554: Expected 1 arguments, but got 3.
_legacy_backup/components/AISidebar.tsx(170,90): error TS2554: Expected 2 arguments, but got 3.
_legacy_backup/components/AISidebar.tsx(257,73): error TS2554: Expected 1 arguments, but got 3.
_legacy_backup/components/client/ClientSidebar.tsx(37,23): error TS2339: Property 'updateUserColor' does not exist on type '{ checkAuth: () => Promise<User | null>; logout: () => Promise<void>; login: (email: string, password: string, rememberMe?: boolean) => Promise<any>; ... 18 more ...; completeSetup: (data: any) => Promise<...>; }'.
_legacy_backup/components/StripeContainer.tsx(56,42): error TS2322: Type '{ clientSecret: string; appearance: { theme: string; variables: { colorPrimary: string; colorBackground: string; colorText: string; colorDanger: string; fontFamily: string; spacingUnit: string; borderRadius: string; }; rules: { ...; }; }; }' is not assignable to type 'StripeElementsOptions | undefined'.
  Type '{ clientSecret: string; appearance: { theme: string; variables: { colorPrimary: string; colorBackground: string; colorText: string; colorDanger: string; fontFamily: string; spacingUnit: string; borderRadius: string; }; rules: { ...; }; }; }' is not assignable to type 'StripeElementsOptionsClientSecret'.
    The types of 'appearance.theme' are incompatible between these types.
      Type 'string' is not assignable to type '"flat" | "night" | "stripe" | undefined'.
_legacy_backup/components/TicketForm.tsx(162,41): error TS2339: Property 'getFolders' does not exist on type '{ checkAuth: () => Promise<User | null>; logout: () => Promise<void>; login: (email: string, password: string, rememberMe?: boolean) => Promise<any>; ... 18 more ...; completeSetup: (data: any) => Promise<...>; }'.
_legacy_backup/components/TicketForm.tsx(166,41): error TS2339: Property 'getFolders' does not exist on type '{ checkAuth: () => Promise<User | null>; logout: () => Promise<void>; login: (email: string, password: string, rememberMe?: boolean) => Promise<any>; ... 18 more ...; completeSetup: (data: any) => Promise<...>; }'.
_legacy_backup/components/TicketForm.tsx(280,36): error TS2551: Property 'company_name' does not exist on type 'User'. Did you mean 'companyName'?
_legacy_backup/components/TicketForm.tsx(363,102): error TS2554: Expected 2 arguments, but got 3.
_legacy_backup/components/TicketForm.tsx(436,64): error TS2345: Argument of type 'null' is not assignable to parameter of type 'SetStateAction<string>'.
_legacy_backup/components/TimerWidget.tsx(127,88): error TS2554: Expected 2 arguments, but got 3.
_legacy_backup/components/UIComponents.tsx(252,36): error TS7053: Element implicitly has an 'any' type because expression of type 'TicketCategory' can't be used to index type '{ BUG: { icon: ForwardRefExoticComponent<Omit<LucideProps, "ref"> & RefAttributes<SVGSVGElement>>; color: string; label: string; }; MARKETING: { ...; }; FEATURE: { ...; }; }'.
  Property '[TicketCategory.OTHER]' does not exist on type '{ BUG: { icon: ForwardRefExoticComponent<Omit<LucideProps, "ref"> & RefAttributes<SVGSVGElement>>; color: string; label: string; }; MARKETING: { ...; }; FEATURE: { ...; }; }'.
_legacy_backup/components/UIComponents.tsx(252,56): error TS7053: Element implicitly has an 'any' type because expression of type 'TicketCategory' can't be used to index type '{ BUG: { icon: ForwardRefExoticComponent<Omit<LucideProps, "ref"> & RefAttributes<SVGSVGElement>>; color: string; label: string; }; MARKETING: { ...; }; FEATURE: { ...; }; }'.
  Property '[TicketCategory.OTHER]' does not exist on type '{ BUG: { icon: ForwardRefExoticComponent<Omit<LucideProps, "ref"> & RefAttributes<SVGSVGElement>>; color: string; label: string; }; MARKETING: { ...; }; FEATURE: { ...; }; }'.
_legacy_backup/pages/AdminPortal.tsx(69,45): error TS2339: Property 'getFolders' does not exist on type '{ checkAuth: () => Promise<User | null>; logout: () => Promise<void>; login: (email: string, password: string, rememberMe?: boolean) => Promise<any>; ... 18 more ...; completeSetup: (data: any) => Promise<...>; }'.
_legacy_backup/pages/AdminPortal.tsx(91,23): error TS2551: Property 'updateTicketStatus' does not exist on type '{ checkAuth: () => Promise<User | null>; logout: () => Promise<void>; login: (email: string, password: string, rememberMe?: boolean) => Promise<any>; ... 18 more ...; completeSetup: (data: any) => Promise<...>; }'. Did you mean 'updateTicket'?
_legacy_backup/pages/AdminPortal.tsx(145,42): error TS2554: Expected 0-1 arguments, but got 2.
_legacy_backup/pages/AdminPortal.tsx(146,25): error TS2339: Property 'getClients' does not exist on type '{ checkAuth: () => Promise<User | null>; logout: () => Promise<void>; login: (email: string, password: string, rememberMe?: boolean) => Promise<any>; ... 18 more ...; completeSetup: (data: any) => Promise<...>; }'.
_legacy_backup/pages/AdminPortal.tsx(184,89): error TS2339: Property 'deleteUser' does not exist on type '{ checkAuth: () => Promise<User | null>; logout: () => Promise<void>; login: (email: string, password: string, rememberMe?: boolean) => Promise<any>; ... 18 more ...; completeSetup: (data: any) => Promise<...>; }'.
_legacy_backup/pages/AdminPortal.tsx(273,66): error TS2554: Expected 0-1 arguments, but got 2.
_legacy_backup/pages/AdminPortal.tsx(314,63): error TS2339: Property 'getClients' does not exist on type '{ checkAuth: () => Promise<User | null>; logout: () => Promise<void>; login: (email: string, password: string, rememberMe?: boolean) => Promise<any>; ... 18 more ...; completeSetup: (data: any) => Promise<...>; }'.
_legacy_backup/pages/AdminPortal.tsx(322,83): error TS2339: Property 'deleteUser' does not exist on type '{ checkAuth: () => Promise<User | null>; logout: () => Promise<void>; login: (email: string, password: string, rememberMe?: boolean) => Promise<any>; ... 18 more ...; completeSetup: (data: any) => Promise<...>; }'.
_legacy_backup/pages/AuthFlows.tsx(39,64): error TS2554: Expected 2 arguments, but got 3.
_legacy_backup/pages/AuthFlows.tsx(70,48): error TS2554: Expected 1 arguments, but got 4.
_legacy_backup/pages/Billing.tsx(126,116): error TS18048: 'usage.storage_limit_mb' is possibly 'undefined'.
_legacy_backup/pages/ClientPortal.tsx(82,44): error TS2339: Property 'getAdminSettings' does not exist on type '{ checkAuth: () => Promise<User | null>; logout: () => Promise<void>; login: (email: string, password: string, rememberMe?: boolean) => Promise<any>; ... 18 more ...; completeSetup: (data: any) => Promise<...>; }'.
_legacy_backup/pages/ClientPortal.tsx(89,42): error TS2554: Expected 0-1 arguments, but got 2.
_legacy_backup/pages/ClientPortal.tsx(90,82): error TS2339: Property 'getOrgUsers' does not exist on type '{ checkAuth: () => Promise<User | null>; logout: () => Promise<void>; login: (email: string, password: string, rememberMe?: boolean) => Promise<any>; ... 18 more ...; completeSetup: (data: any) => Promise<...>; }'.
_legacy_backup/pages/ClientPortal.tsx(150,46): error TS2554: Expected 1 arguments, but got 2.
_legacy_backup/pages/ClientPortal.tsx(151,57): error TS2554: Expected 0-1 arguments, but got 2.
_legacy_backup/pages/ClientPortal.tsx(164,35): error TS2339: Property 'created_by_user_id' does not exist on type 'Ticket'.
_legacy_backup/pages/ClientPortal.tsx(178,31): error TS2339: Property 'organization_name' does not exist on type 'User'.
_legacy_backup/pages/ClientPortal.tsx(202,21): error TS2322: Type 'Dispatch<SetStateAction<TicketCategory | "ALL">>' is not assignable to type '(filter: string) => void'.
  Types of parameters 'value' and 'filter' are incompatible.
    Type 'string' is not assignable to type 'SetStateAction<TicketCategory | "ALL">'.
_legacy_backup/pages/ClientPortal.tsx(242,29): error TS2322: Type 'Dispatch<SetStateAction<TicketCategory | "ALL">>' is not assignable to type '(filter: string) => void'.
  Types of parameters 'value' and 'filter' are incompatible.
    Type 'string' is not assignable to type 'SetStateAction<TicketCategory | "ALL">'.
_legacy_backup/pages/Login.tsx(50,21): error TS2339: Property 'requestPasswordReset' does not exist on type '{ checkAuth: () => Promise<User | null>; logout: () => Promise<void>; login: (email: string, password: string, rememberMe?: boolean) => Promise<any>; ... 18 more ...; completeSetup: (data: any) => Promise<...>; }'.
src/app/dashboard/page.tsx(65,34): error TS2304: Cannot find name 'createTicket'.
src/app/dashboard/page.tsx(166,47): error TS2552: Cannot find name 'setTickets'. Did you mean 'tickets'?
src/app/layout.tsx(24,24): error TS2304: Cannot find name 'cn'.
src/components/admin/TicketListView.tsx(125,102): error TS2339: Property 'clientName' does not exist on type 'Ticket'.
src/components/admin/TicketListView.tsx(189,89): error TS2339: Property 'clientName' does not exist on type 'Ticket'.
src/components/ui/Badge.tsx(88,38): error TS7053: Element implicitly has an 'any' type because expression of type 'TicketCategory' can't be used to index type '{ BUG: { icon: ForwardRefExoticComponent<Omit<LucideProps, "ref"> & RefAttributes<SVGSVGElement>>; color: string; label: string; }; MARKETING: { ...; }; FEATURE: { ...; }; }'.
  Property '[TicketCategory.OTHER]' does not exist on type '{ BUG: { icon: ForwardRefExoticComponent<Omit<LucideProps, "ref"> & RefAttributes<SVGSVGElement>>; color: string; label: string; }; MARKETING: { ...; }; FEATURE: { ...; }; }'.
src/components/ui/Badge.tsx(88,58): error TS7053: Element implicitly has an 'any' type because expression of type 'TicketCategory' can't be used to index type '{ BUG: { icon: ForwardRefExoticComponent<Omit<LucideProps, "ref"> & RefAttributes<SVGSVGElement>>; color: string; label: string; }; MARKETING: { ...; }; FEATURE: { ...; }; }'.
  Property '[TicketCategory.OTHER]' does not exist on type '{ BUG: { icon: ForwardRefExoticComponent<Omit<LucideProps, "ref"> & RefAttributes<SVGSVGElement>>; color: string; label: string; }; MARKETING: { ...; }; FEATURE: { ...; }; }'.
